[00:02:13] [Server thread/WARN]: Can't keep up! Is the server overloaded? Running 2057ms or 41 ticks behind
[00:02:54] [Server thread/INFO]: Zy0r lost connection: Disconnected
[00:02:54] [Server thread/INFO]: Zy0r left the game
[00:11:53] [Server thread/INFO]: Zy0r[/10.242.149.228:51027] logged in with entity id 4394 at (-1471.699999988079, 67.0, -1483.300000011921)
[00:11:53] [Server thread/INFO]: Zy0r joined the game
[00:12:57] [Server thread/WARN]: Mismatch in destroy block pos: ja{x=-789, y=71, z=810} ja{x=-787, y=69, z=811}
[00:14:54] [Server thread/WARN]: Mismatch in destroy block pos: ja{x=-663, y=50, z=779} ja{x=-662, y=51, z=778}
[00:17:11] [Server thread/WARN]: Mismatch in destroy block pos: ja{x=-763, y=68, z=880} ja{x=-763, y=66, z=879}
[00:18:28] [Server thread/WARN]: Mismatch in destroy block pos: ja{x=-739, y=60, z=911} ja{x=-738, y=60, z=911}
[00:19:58] [Server thread/INFO]: [Not Secure] <chino555> NOT EVEN CLOSE BABY THIS CHINESE NEVER DIES
[00:20:03] [Server thread/INFO]: [Not Secure] <chino555> SUCK IT LAVA
[00:20:06] [Server thread/INFO]: [Not Secure] <chino555> Dios mio
[00:20:17] [Server thread/INFO]: [Not Secure] <chino555> me creo axel pero sin morir la lava casi me mata 20 veces ya
[00:20:28] [Server thread/INFO]: Zy0r lost connection: Disconnected
[00:20:28] [Server thread/INFO]: Zy0r left the game
[00:22:45] [Server thread/INFO]: Zy0r[/10.242.149.228:59720] logged in with entity id 9340 at (-1471.699999988079, 67.0, -1483.300000011921)
[00:22:45] [Server thread/INFO]: Zy0r joined the game
[00:22:53] [Server thread/INFO]: [Not Secure] <chino555> juan
[00:23:00] [Server thread/INFO]: [Not Secure] <Zy0r> q
[00:23:07] [Server thread/INFO]: [Not Secure] <chino555> La ptm madre
[00:23:12] [Server thread/INFO]: [Not Secure] <chino555> mira por que no leiste creo
[00:24:36] [Server thread/INFO]: [Not Secure] <chino555> NOT EVEN CLOSE LOGS
[00:25:06] [Server thread/INFO]: [Not Secure] <Zy0r> joder q epico
[00:25:18] [Server thread/INFO]: [Not Secure] <chino555> como estas juan
[00:25:24] [Server thread/INFO]: [Not Secure] <chino555> tu oreja escucha en 144p?
[00:25:27] [Server thread/INFO]: [Not Secure] <Zy0r> igualote
[00:25:34] [Server thread/INFO]: [Not Secure] <Zy0r> escucha menos
[00:25:39] [Server thread/INFO]: [Not Secure] <chino555> a wenoa
[00:25:44] [Server thread/INFO]: [Not Secure] <chino555> y en 244p tonces
[00:25:47] [Server thread/INFO]: [Not Secure] <Zy0r> menos
[00:25:53] [Server thread/INFO]: [Not Secure] <chino555> 26p
[00:25:54] [Server thread/INFO]: [Not Secure] <chino555> ?d
[00:26:04] [Server thread/INFO]: [Not Secure] <Zy0r> menos.......
[00:26:11] [Server thread/INFO]: [Not Secure] <chino555> -414p
[00:26:29] [Server thread/INFO]: [Not Secure] <Zy0r> si..............................................................................................................................................................................................................................................................
[00:26:34] [Server thread/INFO]: [Not Secure] <chino555> absolute cinema
[00:26:40] [Server thread/INFO]: [Not Secure] <Zy0r> totalmente
[00:26:42] [Server thread/INFO]: [Not Secure] <chino555> absolute reencarnation
[00:26:47] [Server thread/INFO]: [Not Secure] <Zy0r> sos ese
[00:26:47] [Server thread/INFO]: [Not Secure] <chino555> -subaru natski
[00:26:52] [Server thread/INFO]: [Not Secure] <Zy0r> referencia
[00:27:06] [Server thread/INFO]: [Not Secure] <chino555> tengo como 20 stacks de cuarzo XD
[00:27:09] [Server thread/INFO]: [Not Secure] <Zy0r> XD
[00:27:17] [Server thread/INFO]: [Not Secure] <chino555> bue 7
[00:27:19] [Server thread/INFO]: [Not Secure] <Zy0r> yo tengo 3
[00:27:23] [Server thread/INFO]: [Not Secure] <chino555> a weno
[00:32:42] [Server thread/INFO]: [Not Secure] <chino555> mano
[00:32:46] [Server thread/INFO]: [Not Secure] <Zy0r> q
[00:33:13] [Server thread/INFO]: [Not Secure] <chino555> sabe que
[00:33:16] [Server thread/INFO]: [Not Secure] <Zy0r> q?
[00:33:28] [Server thread/INFO]: [Not Secure] <chino555> te gustan las adivinanzas?
[00:33:33] [Server thread/INFO]: [Not Secure] <Zy0r> masomenos
[00:33:50] [Server thread/INFO]: [Not Secure] <chino555> Que es el script mas escrito
[00:34:03] [Server thread/INFO]: [Not Secure] <chino555> es algo en ingles bastante normalito
[00:34:10] [Server thread/INFO]: [Not Secure] <chino555> y tiene la palabra hello
[00:34:52] [Server thread/INFO]: [Not Secure] <Zy0r> e
[00:34:53] [Server thread/INFO]: [Not Secure] <chino555> deah
[00:34:55] [Server thread/INFO]: [Not Secure] <Zy0r> idk
[00:35:01] [Server thread/INFO]: [Not Secure] <chino555> script no era
[00:35:03] [Server thread/INFO]: [Not Secure] <chino555> codigo era
[00:35:09] [Server thread/INFO]: [Not Secure] <chino555> me referia a helloworld
[00:35:16] [Server thread/INFO]: [Not Secure] <chino555> print hello world
[00:35:24] [Server thread/INFO]: [Not Secure] <Zy0r> a
[00:35:25] [Server thread/INFO]: [Not Secure] <Zy0r> xd
[00:35:40] [Server thread/INFO]: [Not Secure] <Zy0r> lol
[00:35:44] [Server thread/INFO]: [Not Secure] <Zy0r> y e verda
[00:42:44] [Server thread/INFO]: [Not Secure] <chino555> BRO REALMENTE DOMINO EL LAG QUE CALAJO
[00:42:48] [Server thread/INFO]: [Not Secure] <Zy0r> XD
[00:44:02] [Server thread/INFO]: [Not Secure] <chino555> esta en hard?
[00:44:44] [Server thread/INFO]: [Not Secure] <chino555> dormi juan
[00:45:44] [Server thread/INFO]: chino555 lost connection: Disconnected
[00:45:44] [Server thread/INFO]: chino555 left the game
[00:46:24] [Server thread/INFO]: chino555[/10.242.90.119:58656] logged in with entity id 19646 at (-5393.454906269218, 58.0, 6230.660286403683)
[00:46:24] [Server thread/INFO]: chino555 joined the game
[00:48:10] [Server thread/INFO]: [Not Secure] <chino555> me voy a mimir
[00:48:13] [Server thread/INFO]: chino555 lost connection: Disconnected
[00:48:13] [Server thread/INFO]: chino555 left the game
[00:50:10] [Server thread/INFO]: Villager cyx['Librarian'/9322, l='ServerLevel[world]', x=-1450.70, y=54.00, z=-1447.50] died, message: 'Librarian tried to swim in lava'
[00:52:00] [Server thread/INFO]: [Not Secure] <Zy0r> ads
[00:58:22] [Server thread/INFO]: Zy0r lost connection: Disconnected
[00:58:22] [Server thread/INFO]: Zy0r left the game
[00:58:42] [Server thread/INFO]: Stopping the server
[00:58:42] [Server thread/INFO]: Stopping server
[00:58:42] [Server thread/INFO]: Saving players
[00:58:42] [Server thread/INFO]: Saving worlds
[00:58:42] [Server thread/INFO]: Saving chunks for level 'ServerLevel[world]'/minecraft:overworld
[00:58:42] [Server thread/INFO]: Saving chunks for level 'ServerLevel[world]'/minecraft:the_nether
[00:58:42] [Server thread/INFO]: Saving chunks for level 'ServerLevel[world]'/minecraft:the_end
[00:58:42] [Server thread/INFO]: ThreadedAnvilChunkStorage (world): All chunks are saved
[00:58:42] [Server thread/INFO]: ThreadedAnvilChunkStorage (DIM-1): All chunks are saved
[00:58:42] [Server thread/INFO]: ThreadedAnvilChunkStorage (DIM1): All chunks are saved
[00:58:42] [Server thread/INFO]: ThreadedAnvilChunkStorage: All dimensions are saved
